Archive member included because of file (symbol)

c:/altera/13.0sp1/nios2eds/bin/gnu/h-i686-mingw32/bin/../lib/gcc/nios2-elf/4.1.2/../../../../nios2-elf/lib/mno-hw-mul\libsmallc.a(lib_a-printf.o)
                              obj/default/hello_world.o (printf)
c:/altera/13.0sp1/nios2eds/bin/gnu/h-i686-mingw32/bin/../lib/gcc/nios2-elf/4.1.2/../../../../nios2-elf/lib/mno-hw-mul\libsmallc.a(lib_a-puts.o)
                              obj/default/hello_world.o (puts)
c:/altera/13.0sp1/nios2eds/bin/gnu/h-i686-mingw32/bin/../lib/gcc/nios2-elf/4.1.2/../../../../nios2-elf/lib/mno-hw-mul\libsmallc.a(lib_a-strlen.o)
                              c:/altera/13.0sp1/nios2eds/bin/gnu/h-i686-mingw32/bin/../lib/gcc/nios2-elf/4.1.2/../../../../nios2-elf/lib/mno-hw-mul\libsmallc.a(lib_a-puts.o) (strlen)
c:/altera/13.0sp1/nios2eds/bin/gnu/h-i686-mingw32/bin/../lib/gcc/nios2-elf/4.1.2/../../../../nios2-elf/lib/mno-hw-mul\libsmallc.a(lib_a-vfprintf.o)
                              c:/altera/13.0sp1/nios2eds/bin/gnu/h-i686-mingw32/bin/../lib/gcc/nios2-elf/4.1.2/../../../../nios2-elf/lib/mno-hw-mul\libsmallc.a(lib_a-printf.o) (___vfprintf_internal_r)
c:/altera/13.0sp1/nios2eds/bin/gnu/h-i686-mingw32/bin/../lib/gcc/nios2-elf/4.1.2/../../../../nios2-elf/lib/mno-hw-mul\libsmallc.a(lib_a-fvwrite_small_dev.o)
                              c:/altera/13.0sp1/nios2eds/bin/gnu/h-i686-mingw32/bin/../lib/gcc/nios2-elf/4.1.2/../../../../nios2-elf/lib/mno-hw-mul\libsmallc.a(lib_a-printf.o) (__sfvwrite_small_dev)
c:/altera/13.0sp1/nios2eds/bin/gnu/h-i686-mingw32/bin/../lib/gcc/nios2-elf/4.1.2/../../../../nios2-elf/lib/mno-hw-mul\libsmallc.a(lib_a-impure.o)
                              c:/altera/13.0sp1/nios2eds/bin/gnu/h-i686-mingw32/bin/../lib/gcc/nios2-elf/4.1.2/../../../../nios2-elf/lib/mno-hw-mul\libsmallc.a(lib_a-printf.o) (_impure_ptr)
c:/altera/13.0sp1/nios2eds/bin/gnu/h-i686-mingw32/bin/../lib/gcc/nios2-elf/4.1.2/../../../../nios2-elf/lib/mno-hw-mul\libsmallc.a(lib_a-writer.o)
                              c:/altera/13.0sp1/nios2eds/bin/gnu/h-i686-mingw32/bin/../lib/gcc/nios2-elf/4.1.2/../../../../nios2-elf/lib/mno-hw-mul\libsmallc.a(lib_a-fvwrite_small_dev.o) (_write_r)
c:/altera/13.0sp1/nios2eds/bin/gnu/h-i686-mingw32/bin/../lib/gcc/nios2-elf/4.1.2/../../../../nios2-elf/lib/mno-hw-mul\libsmallc.a(lib_a-int_errno.o)
                              c:/altera/13.0sp1/nios2eds/bin/gnu/h-i686-mingw32/bin/../lib/gcc/nios2-elf/4.1.2/../../../../nios2-elf/lib/mno-hw-mul\libsmallc.a(lib_a-writer.o) (errno)
c:/altera/13.0sp1/nios2eds/bin/gnu/h-i686-mingw32/bin/../lib/gcc/nios2-elf/4.1.2/mno-hw-mul\libgcc.a(lib2-divmod.o)
                              c:/altera/13.0sp1/nios2eds/bin/gnu/h-i686-mingw32/bin/../lib/gcc/nios2-elf/4.1.2/../../../../nios2-elf/lib/mno-hw-mul\libsmallc.a(lib_a-vfprintf.o) (__udivsi3)
c:/altera/13.0sp1/nios2eds/bin/gnu/h-i686-mingw32/bin/../lib/gcc/nios2-elf/4.1.2/mno-hw-mul\libgcc.a(lib2-mul.o)
                              c:/altera/13.0sp1/nios2eds/bin/gnu/h-i686-mingw32/bin/../lib/gcc/nios2-elf/4.1.2/../../../../nios2-elf/lib/mno-hw-mul\libsmallc.a(lib_a-vfprintf.o) (__mulsi3)
C:/Users/mos-o/Desktop/THIRDYEARSECONDTERM/MECHTRON3TB4/3TB4Labs/lab4/newlab/eclipsyy_bsp/\libhal_bsp.a(alt_load.o)
                              C:/Users/mos-o/Desktop/THIRDYEARSECONDTERM/MECHTRON3TB4/3TB4Labs/lab4/newlab/eclipsyy_bsp//obj/HAL/src/crt0.o (alt_load)
C:/Users/mos-o/Desktop/THIRDYEARSECONDTERM/MECHTRON3TB4/3TB4Labs/lab4/newlab/eclipsyy_bsp/\libhal_bsp.a(alt_main.o)
                              C:/Users/mos-o/Desktop/THIRDYEARSECONDTERM/MECHTRON3TB4/3TB4Labs/lab4/newlab/eclipsyy_bsp//obj/HAL/src/crt0.o (alt_main)
C:/Users/mos-o/Desktop/THIRDYEARSECONDTERM/MECHTRON3TB4/3TB4Labs/lab4/newlab/eclipsyy_bsp/\libhal_bsp.a(alt_write.o)
                              c:/altera/13.0sp1/nios2eds/bin/gnu/h-i686-mingw32/bin/../lib/gcc/nios2-elf/4.1.2/../../../../nios2-elf/lib/mno-hw-mul\libsmallc.a(lib_a-writer.o) (write)
C:/Users/mos-o/Desktop/THIRDYEARSECONDTERM/MECHTRON3TB4/3TB4Labs/lab4/newlab/eclipsyy_bsp/\libhal_bsp.a(alt_sys_init.o)
                              C:/Users/mos-o/Desktop/THIRDYEARSECONDTERM/MECHTRON3TB4/3TB4Labs/lab4/newlab/eclipsyy_bsp/\libhal_bsp.a(alt_write.o) (jtag_uart_0)
C:/Users/mos-o/Desktop/THIRDYEARSECONDTERM/MECHTRON3TB4/3TB4Labs/lab4/newlab/eclipsyy_bsp/\libhal_bsp.a(altera_avalon_jtag_uart_write.o)
                              C:/Users/mos-o/Desktop/THIRDYEARSECONDTERM/MECHTRON3TB4/3TB4Labs/lab4/newlab/eclipsyy_bsp/\libhal_bsp.a(alt_write.o) (altera_avalon_jtag_uart_write)
C:/Users/mos-o/Desktop/THIRDYEARSECONDTERM/MECHTRON3TB4/3TB4Labs/lab4/newlab/eclipsyy_bsp/\libhal_bsp.a(alt_dcache_flush_all.o)
                              C:/Users/mos-o/Desktop/THIRDYEARSECONDTERM/MECHTRON3TB4/3TB4Labs/lab4/newlab/eclipsyy_bsp/\libhal_bsp.a(alt_load.o) (alt_dcache_flush_all)
C:/Users/mos-o/Desktop/THIRDYEARSECONDTERM/MECHTRON3TB4/3TB4Labs/lab4/newlab/eclipsyy_bsp/\libhal_bsp.a(alt_errno.o)
                              C:/Users/mos-o/Desktop/THIRDYEARSECONDTERM/MECHTRON3TB4/3TB4Labs/lab4/newlab/eclipsyy_bsp/\libhal_bsp.a(alt_write.o) (alt_errno)
C:/Users/mos-o/Desktop/THIRDYEARSECONDTERM/MECHTRON3TB4/3TB4Labs/lab4/newlab/eclipsyy_bsp/\libhal_bsp.a(alt_icache_flush_all.o)
                              C:/Users/mos-o/Desktop/THIRDYEARSECONDTERM/MECHTRON3TB4/3TB4Labs/lab4/newlab/eclipsyy_bsp/\libhal_bsp.a(alt_load.o) (alt_icache_flush_all)
C:/Users/mos-o/Desktop/THIRDYEARSECONDTERM/MECHTRON3TB4/3TB4Labs/lab4/newlab/eclipsyy_bsp/\libhal_bsp.a(altera_nios2_qsys_irq.o)
                              C:/Users/mos-o/Desktop/THIRDYEARSECONDTERM/MECHTRON3TB4/3TB4Labs/lab4/newlab/eclipsyy_bsp/\libhal_bsp.a(alt_sys_init.o) (altera_nios2_qsys_irq_init)

Allocating common symbols
Common symbol       size              file

readshort           0xa               obj/default/hello_world.o
j                   0x4               obj/default/hello_world.o
readint             0x14              obj/default/hello_world.o
errno               0x4               c:/altera/13.0sp1/nios2eds/bin/gnu/h-i686-mingw32/bin/../lib/gcc/nios2-elf/4.1.2/../../../../nios2-elf/lib/mno-hw-mul\libsmallc.a(lib_a-int_errno.o)
k                   0x4               obj/default/hello_world.o
readchar            0x5               obj/default/hello_world.o
i                   0x4               obj/default/hello_world.o

Memory Configuration

Name             Origin             Length             Attributes
reset            0x00108000         0x00000020
onchip_memory2_0 0x00108020         0x00007fe0
*default*        0x00000000         0xffffffff

Linker script and memory map

LOAD C:/Users/mos-o/Desktop/THIRDYEARSECONDTERM/MECHTRON3TB4/3TB4Labs/lab4/newlab/eclipsyy_bsp//obj/HAL/src/crt0.o
                0x0010800c                exit = _exit
LOAD obj/default/hello_world.o
LOAD c:/altera/13.0sp1/nios2eds/bin/gnu/h-i686-mingw32/bin/../lib/gcc/nios2-elf/4.1.2/../../../../nios2-elf/lib/mno-hw-mul\libstdc++.a
LOAD c:/altera/13.0sp1/nios2eds/bin/gnu/h-i686-mingw32/bin/../lib/gcc/nios2-elf/4.1.2/../../../../nios2-elf/lib/mno-hw-mul\libm.a
LOAD c:/altera/13.0sp1/nios2eds/bin/gnu/h-i686-mingw32/bin/../lib/gcc/nios2-elf/4.1.2/mno-hw-mul\libgcc.a
START GROUP
LOAD c:/altera/13.0sp1/nios2eds/bin/gnu/h-i686-mingw32/bin/../lib/gcc/nios2-elf/4.1.2/../../../../nios2-elf/lib/mno-hw-mul\libsmallc.a
LOAD c:/altera/13.0sp1/nios2eds/bin/gnu/h-i686-mingw32/bin/../lib/gcc/nios2-elf/4.1.2/mno-hw-mul\libgcc.a
LOAD C:/Users/mos-o/Desktop/THIRDYEARSECONDTERM/MECHTRON3TB4/3TB4Labs/lab4/newlab/eclipsyy_bsp/\libhal_bsp.a
END GROUP
LOAD c:/altera/13.0sp1/nios2eds/bin/gnu/h-i686-mingw32/bin/../lib/gcc/nios2-elf/4.1.2/mno-hw-mul\libgcc.a
                0x00108000                __alt_mem_onchip_memory2_0 = 0x108000

.entry          0x00108000       0x20
 *(.entry)
 .entry         0x00108000       0x20 C:/Users/mos-o/Desktop/THIRDYEARSECONDTERM/MECHTRON3TB4/3TB4Labs/lab4/newlab/eclipsyy_bsp//obj/HAL/src/crt0.o
                0x00108000                __reset
                0x0010800c                _exit

.exceptions     0x00108020        0x0
                0x00108020                PROVIDE (__ram_exceptions_start, ABSOLUTE (.))
                0x00108020                . = ALIGN (0x20)
 *(.irq)
 *(.exceptions.entry.label)
 *(.exceptions.entry.user)
 *(.exceptions.entry)
 *(.exceptions.irqtest.user)
 *(.exceptions.irqtest)
 *(.exceptions.irqhandler.user)
 *(.exceptions.irqhandler)
 *(.exceptions.irqreturn.user)
 *(.exceptions.irqreturn)
 *(.exceptions.notirq.label)
 *(.exceptions.notirq.user)
 *(.exceptions.notirq)
 *(.exceptions.soft.user)
 *(.exceptions.soft)
 *(.exceptions.unknown.user)
 *(.exceptions.unknown)
 *(.exceptions.exit.label)
 *(.exceptions.exit.user)
 *(.exceptions.exit)
 *(.exceptions)
                0x00108020                PROVIDE (__ram_exceptions_end, ABSOLUTE (.))
                0x00108020                PROVIDE (__flash_exceptions_start, LOADADDR (.exceptions))

.text           0x00108020     0x1394
                0x00108020                PROVIDE (stext, ABSOLUTE (.))
 *(.interp)
 *(.hash)
 *(.dynsym)
 *(.dynstr)
 *(.gnu.version)
 *(.gnu.version_d)
 *(.gnu.version_r)
 *(.rel.init)
 *(.rela.init)
 *(.rel.text .rel.text.* .rel.gnu.linkonce.t.*)
 *(.rela.text .rela.text.* .rela.gnu.linkonce.t.*)
 *(.rel.fini)
 *(.rela.fini)
 *(.rel.rodata .rel.rodata.* .rel.gnu.linkonce.r.*)
 *(.rela.rodata .rela.rodata.* .rela.gnu.linkonce.r.*)
 *(.rel.data .rel.data.* .rel.gnu.linkonce.d.*)
 *(.rela.data .rela.data.* .rela.gnu.linkonce.d.*)
 *(.rel.tdata .rel.tdata.* .rel.gnu.linkonce.td.*)
 *(.rela.tdata .rela.tdata.* .rela.gnu.linkonce.td.*)
 *(.rel.tbss .rel.tbss.* .rel.gnu.linkonce.tb.*)
 *(.rela.tbss .rela.tbss.* .rela.gnu.linkonce.tb.*)
 *(.rel.ctors)
 *(.rela.ctors)
 *(.rel.dtors)
 *(.rela.dtors)
 *(.rel.got)
 *(.rela.got)
 *(.rel.sdata .rel.sdata.* .rel.gnu.linkonce.s.*)
 *(.rela.sdata .rela.sdata.* .rela.gnu.linkonce.s.*)
 *(.rel.sbss .rel.sbss.* .rel.gnu.linkonce.sb.*)
 *(.rela.sbss .rela.sbss.* .rela.gnu.linkonce.sb.*)
 *(.rel.sdata2 .rel.sdata2.* .rel.gnu.linkonce.s2.*)
 *(.rela.sdata2 .rela.sdata2.* .rela.gnu.linkonce.s2.*)
 *(.rel.sbss2 .rel.sbss2.* .rel.gnu.linkonce.sb2.*)
 *(.rela.sbss2 .rela.sbss2.* .rela.gnu.linkonce.sb2.*)
 *(.rel.bss .rel.bss.* .rel.gnu.linkonce.b.*)
 *(.rela.bss .rela.bss.* .rela.gnu.linkonce.b.*)
 *(.rel.plt)
 *(.rela.plt)
 *(.rel.dyn)
 *(.init)
 *(.plt)
 *(.text .stub .text.* .gnu.linkonce.t.*)
 .text          0x00108020       0x3c C:/Users/mos-o/Desktop/THIRDYEARSECONDTERM/MECHTRON3TB4/3TB4Labs/lab4/newlab/eclipsyy_bsp//obj/HAL/src/crt0.o
                0x00108020                _start
 .text          0x0010805c      0x47c obj/default/hello_world.o
                0x0010805c                writeReadChars
                0x001081c4                writeReadShorts
                0x0010834c                writeReadInt
                0x001084b4                main
 .text          0x001084d8       0x98 c:/altera/13.0sp1/nios2eds/bin/gnu/h-i686-mingw32/bin/../lib/gcc/nios2-elf/4.1.2/../../../../nios2-elf/lib/mno-hw-mul\libsmallc.a(lib_a-printf.o)
                0x001084d8                printf
                0x0010852c                _printf_r
 .text          0x00108570       0xa4 c:/altera/13.0sp1/nios2eds/bin/gnu/h-i686-mingw32/bin/../lib/gcc/nios2-elf/4.1.2/../../../../nios2-elf/lib/mno-hw-mul\libsmallc.a(lib_a-puts.o)
                0x00108570                _puts_r
                0x00108600                puts
 .text          0x00108614       0x20 c:/altera/13.0sp1/nios2eds/bin/gnu/h-i686-mingw32/bin/../lib/gcc/nios2-elf/4.1.2/../../../../nios2-elf/lib/mno-hw-mul\libsmallc.a(lib_a-strlen.o)
                0x00108614                strlen
 .text          0x00108634      0x740 c:/altera/13.0sp1/nios2eds/bin/gnu/h-i686-mingw32/bin/../lib/gcc/nios2-elf/4.1.2/../../../../nios2-elf/lib/mno-hw-mul\libsmallc.a(lib_a-vfprintf.o)
                0x001086b4                ___vfprintf_internal_r
                0x00108d50                __vfprintf_internal
 .text          0x00108d74       0xbc c:/altera/13.0sp1/nios2eds/bin/gnu/h-i686-mingw32/bin/../lib/gcc/nios2-elf/4.1.2/../../../../nios2-elf/lib/mno-hw-mul\libsmallc.a(lib_a-fvwrite_small_dev.o)
                0x00108d74                __sfvwrite_small_dev
 .text          0x00108e30        0x0 c:/altera/13.0sp1/nios2eds/bin/gnu/h-i686-mingw32/bin/../lib/gcc/nios2-elf/4.1.2/../../../../nios2-elf/lib/mno-hw-mul\libsmallc.a(lib_a-impure.o)
 .text          0x00108e30       0x78 c:/altera/13.0sp1/nios2eds/bin/gnu/h-i686-mingw32/bin/../lib/gcc/nios2-elf/4.1.2/../../../../nios2-elf/lib/mno-hw-mul\libsmallc.a(lib_a-writer.o)
                0x00108e30                _write_r
 .text          0x00108ea8        0x0 c:/altera/13.0sp1/nios2eds/bin/gnu/h-i686-mingw32/bin/../lib/gcc/nios2-elf/4.1.2/../../../../nios2-elf/lib/mno-hw-mul\libsmallc.a(lib_a-int_errno.o)
 .text          0x00108ea8      0x14c c:/altera/13.0sp1/nios2eds/bin/gnu/h-i686-mingw32/bin/../lib/gcc/nios2-elf/4.1.2/mno-hw-mul\libgcc.a(lib2-divmod.o)
                0x00108f24                __divsi3
                0x00108f84                __modsi3
                0x00108fe4                __udivsi3
                0x00108fec                __umodsi3
 .text          0x00108ff4       0x38 c:/altera/13.0sp1/nios2eds/bin/gnu/h-i686-mingw32/bin/../lib/gcc/nios2-elf/4.1.2/mno-hw-mul\libgcc.a(lib2-mul.o)
                0x00108ff4                __mulsi3
 .text          0x0010902c       0xec C:/Users/mos-o/Desktop/THIRDYEARSECONDTERM/MECHTRON3TB4/3TB4Labs/lab4/newlab/eclipsyy_bsp/\libhal_bsp.a(alt_load.o)
                0x0010902c                alt_load
 .text          0x00109118       0x40 C:/Users/mos-o/Desktop/THIRDYEARSECONDTERM/MECHTRON3TB4/3TB4Labs/lab4/newlab/eclipsyy_bsp/\libhal_bsp.a(alt_main.o)
                0x00109118                alt_main
 .text          0x00109158      0x110 C:/Users/mos-o/Desktop/THIRDYEARSECONDTERM/MECHTRON3TB4/3TB4Labs/lab4/newlab/eclipsyy_bsp/\libhal_bsp.a(alt_write.o)
                0x00109158                write
 .text          0x00109268       0x50 C:/Users/mos-o/Desktop/THIRDYEARSECONDTERM/MECHTRON3TB4/3TB4Labs/lab4/newlab/eclipsyy_bsp/\libhal_bsp.a(alt_sys_init.o)
                0x00109268                alt_irq_init
                0x0010929c                alt_sys_init
 .text          0x001092b8       0xa4 C:/Users/mos-o/Desktop/THIRDYEARSECONDTERM/MECHTRON3TB4/3TB4Labs/lab4/newlab/eclipsyy_bsp/\libhal_bsp.a(altera_avalon_jtag_uart_write.o)
                0x001092b8                altera_avalon_jtag_uart_write
 .text          0x0010935c       0x1c C:/Users/mos-o/Desktop/THIRDYEARSECONDTERM/MECHTRON3TB4/3TB4Labs/lab4/newlab/eclipsyy_bsp/\libhal_bsp.a(alt_dcache_flush_all.o)
                0x0010935c                alt_dcache_flush_all
 .text          0x00109378        0x0 C:/Users/mos-o/Desktop/THIRDYEARSECONDTERM/MECHTRON3TB4/3TB4Labs/lab4/newlab/eclipsyy_bsp/\libhal_bsp.a(alt_errno.o)
 .text          0x00109378       0x1c C:/Users/mos-o/Desktop/THIRDYEARSECONDTERM/MECHTRON3TB4/3TB4Labs/lab4/newlab/eclipsyy_bsp/\libhal_bsp.a(alt_icache_flush_all.o)
                0x00109378                alt_icache_flush_all
 .text          0x00109394       0x20 C:/Users/mos-o/Desktop/THIRDYEARSECONDTERM/MECHTRON3TB4/3TB4Labs/lab4/newlab/eclipsyy_bsp/\libhal_bsp.a(altera_nios2_qsys_irq.o)
                0x00109394                altera_nios2_qsys_irq_init
 *(.gnu.warning.*)
 *(.fini)
                0x001093b4                PROVIDE (__etext, ABSOLUTE (.))
                0x001093b4                PROVIDE (_etext, ABSOLUTE (.))
                0x001093b4                PROVIDE (etext, ABSOLUTE (.))
 *(.eh_frame_hdr)
                0x001093b4                . = ALIGN (0x4)
                0x001093b4                PROVIDE (__preinit_array_start, ABSOLUTE (.))
 *(.preinit_array)
                0x001093b4                PROVIDE (__preinit_array_end, ABSOLUTE (.))
                0x001093b4                PROVIDE (__init_array_start, ABSOLUTE (.))
 *(.init_array)
                0x001093b4                PROVIDE (__init_array_end, ABSOLUTE (.))
                0x001093b4                PROVIDE (__fini_array_start, ABSOLUTE (.))
 *(.fini_array)
                0x001093b4                PROVIDE (__fini_array_end, ABSOLUTE (.))
 *(.eh_frame)
 *(.gcc_except_table)
 *(.dynamic)
                0x001093b4                PROVIDE (__CTOR_LIST__, ABSOLUTE (.))
 *(.ctors)
 *(SORT(.ctors.*))
                0x001093b4                PROVIDE (__CTOR_END__, ABSOLUTE (.))
                0x001093b4                PROVIDE (__DTOR_LIST__, ABSOLUTE (.))
 *(.dtors)
 *(SORT(.dtors.*))
                0x001093b4                PROVIDE (__DTOR_END__, ABSOLUTE (.))
 *(.jcr)
                0x001093b4                . = ALIGN (0x4)

.rodata         0x001093b4      0x108
                0x001093b4                PROVIDE (__ram_rodata_start, ABSOLUTE (.))
                0x001093b4                . = ALIGN (0x4)
 *(.rodata .rodata.* .gnu.linkonce.r.*)
 .rodata        0x001093b4      0x104 obj/default/hello_world.o
 .rodata.str1.4
                0x001094b8        0x4 c:/altera/13.0sp1/nios2eds/bin/gnu/h-i686-mingw32/bin/../lib/gcc/nios2-elf/4.1.2/../../../../nios2-elf/lib/mno-hw-mul\libsmallc.a(lib_a-puts.o)
 *(.rodata1)
                0x001094bc                . = ALIGN (0x4)
                0x001094bc                PROVIDE (__ram_rodata_end, ABSOLUTE (.))
                0x001093b4                PROVIDE (__flash_rodata_start, LOADADDR (.rodata))

.rwdata         0x001094bc      0x128 load address 0x001095e4
                0x001094bc                PROVIDE (__ram_rwdata_start, ABSOLUTE (.))
                0x001094bc                . = ALIGN (0x4)
 *(.got.plt)
 *(.got)
 *(.data1)
 *(.data .data.* .gnu.linkonce.d.*)
 .data          0x001094bc        0x0 C:/Users/mos-o/Desktop/THIRDYEARSECONDTERM/MECHTRON3TB4/3TB4Labs/lab4/newlab/eclipsyy_bsp//obj/HAL/src/crt0.o
 .data          0x001094bc       0x20 obj/default/hello_world.o
                0x001094bc                writeint
                0x001094d0                writeshort
 .data          0x001094dc        0x0 c:/altera/13.0sp1/nios2eds/bin/gnu/h-i686-mingw32/bin/../lib/gcc/nios2-elf/4.1.2/../../../../nios2-elf/lib/mno-hw-mul\libsmallc.a(lib_a-printf.o)
 .data          0x001094dc        0x0 c:/altera/13.0sp1/nios2eds/bin/gnu/h-i686-mingw32/bin/../lib/gcc/nios2-elf/4.1.2/../../../../nios2-elf/lib/mno-hw-mul\libsmallc.a(lib_a-puts.o)
 .data          0x001094dc        0x0 c:/altera/13.0sp1/nios2eds/bin/gnu/h-i686-mingw32/bin/../lib/gcc/nios2-elf/4.1.2/../../../../nios2-elf/lib/mno-hw-mul\libsmallc.a(lib_a-strlen.o)
 .data          0x001094dc        0x0 c:/altera/13.0sp1/nios2eds/bin/gnu/h-i686-mingw32/bin/../lib/gcc/nios2-elf/4.1.2/../../../../nios2-elf/lib/mno-hw-mul\libsmallc.a(lib_a-vfprintf.o)
 .data          0x001094dc        0x0 c:/altera/13.0sp1/nios2eds/bin/gnu/h-i686-mingw32/bin/../lib/gcc/nios2-elf/4.1.2/../../../../nios2-elf/lib/mno-hw-mul\libsmallc.a(lib_a-fvwrite_small_dev.o)
 .data          0x001094dc       0xe0 c:/altera/13.0sp1/nios2eds/bin/gnu/h-i686-mingw32/bin/../lib/gcc/nios2-elf/4.1.2/../../../../nios2-elf/lib/mno-hw-mul\libsmallc.a(lib_a-impure.o)
 .data          0x001095bc        0x0 c:/altera/13.0sp1/nios2eds/bin/gnu/h-i686-mingw32/bin/../lib/gcc/nios2-elf/4.1.2/../../../../nios2-elf/lib/mno-hw-mul\libsmallc.a(lib_a-writer.o)
 .data          0x001095bc        0x0 c:/altera/13.0sp1/nios2eds/bin/gnu/h-i686-mingw32/bin/../lib/gcc/nios2-elf/4.1.2/../../../../nios2-elf/lib/mno-hw-mul\libsmallc.a(lib_a-int_errno.o)
 .data          0x001095bc        0x0 c:/altera/13.0sp1/nios2eds/bin/gnu/h-i686-mingw32/bin/../lib/gcc/nios2-elf/4.1.2/mno-hw-mul\libgcc.a(lib2-divmod.o)
 .data          0x001095bc        0x0 c:/altera/13.0sp1/nios2eds/bin/gnu/h-i686-mingw32/bin/../lib/gcc/nios2-elf/4.1.2/mno-hw-mul\libgcc.a(lib2-mul.o)
 .data          0x001095bc        0x0 C:/Users/mos-o/Desktop/THIRDYEARSECONDTERM/MECHTRON3TB4/3TB4Labs/lab4/newlab/eclipsyy_bsp/\libhal_bsp.a(alt_load.o)
 .data          0x001095bc        0x0 C:/Users/mos-o/Desktop/THIRDYEARSECONDTERM/MECHTRON3TB4/3TB4Labs/lab4/newlab/eclipsyy_bsp/\libhal_bsp.a(alt_main.o)
 .data          0x001095bc        0x0 C:/Users/mos-o/Desktop/THIRDYEARSECONDTERM/MECHTRON3TB4/3TB4Labs/lab4/newlab/eclipsyy_bsp/\libhal_bsp.a(alt_write.o)
 .data          0x001095bc        0x0 C:/Users/mos-o/Desktop/THIRDYEARSECONDTERM/MECHTRON3TB4/3TB4Labs/lab4/newlab/eclipsyy_bsp/\libhal_bsp.a(alt_sys_init.o)
 .data          0x001095bc        0x0 C:/Users/mos-o/Desktop/THIRDYEARSECONDTERM/MECHTRON3TB4/3TB4Labs/lab4/newlab/eclipsyy_bsp/\libhal_bsp.a(altera_avalon_jtag_uart_write.o)
 .data          0x001095bc        0x0 C:/Users/mos-o/Desktop/THIRDYEARSECONDTERM/MECHTRON3TB4/3TB4Labs/lab4/newlab/eclipsyy_bsp/\libhal_bsp.a(alt_dcache_flush_all.o)
 .data          0x001095bc        0x0 C:/Users/mos-o/Desktop/THIRDYEARSECONDTERM/MECHTRON3TB4/3TB4Labs/lab4/newlab/eclipsyy_bsp/\libhal_bsp.a(alt_errno.o)
 .data          0x001095bc        0x0 C:/Users/mos-o/Desktop/THIRDYEARSECONDTERM/MECHTRON3TB4/3TB4Labs/lab4/newlab/eclipsyy_bsp/\libhal_bsp.a(alt_icache_flush_all.o)
 .data          0x001095bc        0x0 C:/Users/mos-o/Desktop/THIRDYEARSECONDTERM/MECHTRON3TB4/3TB4Labs/lab4/newlab/eclipsyy_bsp/\libhal_bsp.a(altera_nios2_qsys_irq.o)
                0x001115bc                _gp = ABSOLUTE ((. + 0x8000))
                0x001115bc                PROVIDE (gp, _gp)
 *(.rwdata .rwdata.*)
 *(.sdata .sdata.* .gnu.linkonce.s.*)
 .sdata         0x001095bc       0x18 obj/default/hello_world.o
                0x001095bc                test
                0x001095c0                writechar
                0x001095c8                initialchar
                0x001095cc                initialint
                0x001095d0                initialshort
 .sdata         0x001095d4        0x8 c:/altera/13.0sp1/nios2eds/bin/gnu/h-i686-mingw32/bin/../lib/gcc/nios2-elf/4.1.2/../../../../nios2-elf/lib/mno-hw-mul\libsmallc.a(lib_a-impure.o)
                0x001095d4                _impure_ptr
                0x001095d8                _global_impure_ptr
 .sdata         0x001095dc        0x4 C:/Users/mos-o/Desktop/THIRDYEARSECONDTERM/MECHTRON3TB4/3TB4Labs/lab4/newlab/eclipsyy_bsp/\libhal_bsp.a(alt_sys_init.o)
                0x001095dc                jtag_uart_0
 .sdata         0x001095e0        0x4 C:/Users/mos-o/Desktop/THIRDYEARSECONDTERM/MECHTRON3TB4/3TB4Labs/lab4/newlab/eclipsyy_bsp/\libhal_bsp.a(alt_errno.o)
                0x001095e0                alt_errno
 *(.sdata2 .sdata2.* .gnu.linkonce.s2.*)
                0x001095e4                . = ALIGN (0x4)
                0x001095e4                _edata = ABSOLUTE (.)
                0x001095e4                PROVIDE (edata, ABSOLUTE (.))
                0x001095e4                PROVIDE (__ram_rwdata_end, ABSOLUTE (.))
                0x001095e4                PROVIDE (__flash_rwdata_start, LOADADDR (.rwdata))

.bss            0x0010970c       0x44
                0x0010970c                __bss_start = ABSOLUTE (.)
                0x0010970c                PROVIDE (__sbss_start, ABSOLUTE (.))
                0x0010970c                PROVIDE (___sbss_start, ABSOLUTE (.))
 *(.dynsbss)
 *(.sbss .sbss.* .gnu.linkonce.sb.*)
 .sbss          0x0010970c       0x14 obj/default/hello_world.o
                0x0010970c                j
                0x00109710                k
                0x00109714                readchar
                0x0010971c                i
 .sbss          0x00109720        0x4 c:/altera/13.0sp1/nios2eds/bin/gnu/h-i686-mingw32/bin/../lib/gcc/nios2-elf/4.1.2/../../../../nios2-elf/lib/mno-hw-mul\libsmallc.a(lib_a-int_errno.o)
                0x00109720                errno
 .sbss          0x00109724        0xc C:/Users/mos-o/Desktop/THIRDYEARSECONDTERM/MECHTRON3TB4/3TB4Labs/lab4/newlab/eclipsyy_bsp/\libhal_bsp.a(alt_main.o)
                0x00109724                alt_argc
                0x00109728                alt_argv
                0x0010972c                alt_envp
 *(.sbss2 .sbss2.* .gnu.linkonce.sb2.*)
 *(.scommon)
                0x00109730                PROVIDE (__sbss_end, ABSOLUTE (.))
                0x00109730                PROVIDE (___sbss_end, ABSOLUTE (.))
 *(.dynbss)
 *(.bss .bss.* .gnu.linkonce.b.*)
 .bss           0x00109730        0x0 C:/Users/mos-o/Desktop/THIRDYEARSECONDTERM/MECHTRON3TB4/3TB4Labs/lab4/newlab/eclipsyy_bsp//obj/HAL/src/crt0.o
 .bss           0x00109730        0x0 obj/default/hello_world.o
 .bss           0x00109730        0x0 c:/altera/13.0sp1/nios2eds/bin/gnu/h-i686-mingw32/bin/../lib/gcc/nios2-elf/4.1.2/../../../../nios2-elf/lib/mno-hw-mul\libsmallc.a(lib_a-printf.o)
 .bss           0x00109730        0x0 c:/altera/13.0sp1/nios2eds/bin/gnu/h-i686-mingw32/bin/../lib/gcc/nios2-elf/4.1.2/../../../../nios2-elf/lib/mno-hw-mul\libsmallc.a(lib_a-puts.o)
 .bss           0x00109730        0x0 c:/altera/13.0sp1/nios2eds/bin/gnu/h-i686-mingw32/bin/../lib/gcc/nios2-elf/4.1.2/../../../../nios2-elf/lib/mno-hw-mul\libsmallc.a(lib_a-strlen.o)
 .bss           0x00109730        0x0 c:/altera/13.0sp1/nios2eds/bin/gnu/h-i686-mingw32/bin/../lib/gcc/nios2-elf/4.1.2/../../../../nios2-elf/lib/mno-hw-mul\libsmallc.a(lib_a-vfprintf.o)
 .bss           0x00109730        0x0 c:/altera/13.0sp1/nios2eds/bin/gnu/h-i686-mingw32/bin/../lib/gcc/nios2-elf/4.1.2/../../../../nios2-elf/lib/mno-hw-mul\libsmallc.a(lib_a-fvwrite_small_dev.o)
 .bss           0x00109730        0x0 c:/altera/13.0sp1/nios2eds/bin/gnu/h-i686-mingw32/bin/../lib/gcc/nios2-elf/4.1.2/../../../../nios2-elf/lib/mno-hw-mul\libsmallc.a(lib_a-impure.o)
 .bss           0x00109730        0x0 c:/altera/13.0sp1/nios2eds/bin/gnu/h-i686-mingw32/bin/../lib/gcc/nios2-elf/4.1.2/../../../../nios2-elf/lib/mno-hw-mul\libsmallc.a(lib_a-writer.o)
 .bss           0x00109730        0x0 c:/altera/13.0sp1/nios2eds/bin/gnu/h-i686-mingw32/bin/../lib/gcc/nios2-elf/4.1.2/../../../../nios2-elf/lib/mno-hw-mul\libsmallc.a(lib_a-int_errno.o)
 .bss           0x00109730        0x0 c:/altera/13.0sp1/nios2eds/bin/gnu/h-i686-mingw32/bin/../lib/gcc/nios2-elf/4.1.2/mno-hw-mul\libgcc.a(lib2-divmod.o)
 .bss           0x00109730        0x0 c:/altera/13.0sp1/nios2eds/bin/gnu/h-i686-mingw32/bin/../lib/gcc/nios2-elf/4.1.2/mno-hw-mul\libgcc.a(lib2-mul.o)
 .bss           0x00109730        0x0 C:/Users/mos-o/Desktop/THIRDYEARSECONDTERM/MECHTRON3TB4/3TB4Labs/lab4/newlab/eclipsyy_bsp/\libhal_bsp.a(alt_load.o)
 .bss           0x00109730        0x0 C:/Users/mos-o/Desktop/THIRDYEARSECONDTERM/MECHTRON3TB4/3TB4Labs/lab4/newlab/eclipsyy_bsp/\libhal_bsp.a(alt_main.o)
 .bss           0x00109730        0x0 C:/Users/mos-o/Desktop/THIRDYEARSECONDTERM/MECHTRON3TB4/3TB4Labs/lab4/newlab/eclipsyy_bsp/\libhal_bsp.a(alt_write.o)
 .bss           0x00109730        0x0 C:/Users/mos-o/Desktop/THIRDYEARSECONDTERM/MECHTRON3TB4/3TB4Labs/lab4/newlab/eclipsyy_bsp/\libhal_bsp.a(alt_sys_init.o)
 .bss           0x00109730        0x0 C:/Users/mos-o/Desktop/THIRDYEARSECONDTERM/MECHTRON3TB4/3TB4Labs/lab4/newlab/eclipsyy_bsp/\libhal_bsp.a(altera_avalon_jtag_uart_write.o)
 .bss           0x00109730        0x0 C:/Users/mos-o/Desktop/THIRDYEARSECONDTERM/MECHTRON3TB4/3TB4Labs/lab4/newlab/eclipsyy_bsp/\libhal_bsp.a(alt_dcache_flush_all.o)
 .bss           0x00109730        0x0 C:/Users/mos-o/Desktop/THIRDYEARSECONDTERM/MECHTRON3TB4/3TB4Labs/lab4/newlab/eclipsyy_bsp/\libhal_bsp.a(alt_errno.o)
 .bss           0x00109730        0x0 C:/Users/mos-o/Desktop/THIRDYEARSECONDTERM/MECHTRON3TB4/3TB4Labs/lab4/newlab/eclipsyy_bsp/\libhal_bsp.a(alt_icache_flush_all.o)
 .bss           0x00109730        0x0 C:/Users/mos-o/Desktop/THIRDYEARSECONDTERM/MECHTRON3TB4/3TB4Labs/lab4/newlab/eclipsyy_bsp/\libhal_bsp.a(altera_nios2_qsys_irq.o)
 *(COMMON)
 COMMON         0x00109730       0x20 obj/default/hello_world.o
                0x00109730                readshort
                0x0010973c                readint
                0x00109750                . = ALIGN (0x4)
                0x00109750                __bss_end = ABSOLUTE (.)

.onchip_memory2_0
                0x00109750        0x0
                0x00109750                PROVIDE (_alt_partition_onchip_memory2_0_start, ABSOLUTE (.))
 *(.onchip_memory2_0. onchip_memory2_0.*)
                0x00109750                . = ALIGN (0x4)
                0x00109750                PROVIDE (_alt_partition_onchip_memory2_0_end, ABSOLUTE (.))
                0x00109750                _end = ABSOLUTE (.)
                0x00109750                end = ABSOLUTE (.)
                0x00109750                __alt_stack_base = ABSOLUTE (.)
                0x00109750                PROVIDE (_alt_partition_onchip_memory2_0_load_addr, LOADADDR (.onchip_memory2_0))

.stab
 *(.stab)

.stabstr
 *(.stabstr)

.stab.excl
 *(.stab.excl)

.stab.exclstr
 *(.stab.exclstr)

.stab.index
 *(.stab.index)

.stab.indexstr
 *(.stab.indexstr)

.comment        0x00000000       0x26
 *(.comment)
 .comment       0x00000000       0x26 obj/default/hello_world.o
                                 0x27 (size before relaxing)
 .comment       0x00000000       0x27 c:/altera/13.0sp1/nios2eds/bin/gnu/h-i686-mingw32/bin/../lib/gcc/nios2-elf/4.1.2/../../../../nios2-elf/lib/mno-hw-mul\libsmallc.a(lib_a-printf.o)
 .comment       0x00000000       0x27 c:/altera/13.0sp1/nios2eds/bin/gnu/h-i686-mingw32/bin/../lib/gcc/nios2-elf/4.1.2/../../../../nios2-elf/lib/mno-hw-mul\libsmallc.a(lib_a-puts.o)
 .comment       0x00000000       0x27 c:/altera/13.0sp1/nios2eds/bin/gnu/h-i686-mingw32/bin/../lib/gcc/nios2-elf/4.1.2/../../../../nios2-elf/lib/mno-hw-mul\libsmallc.a(lib_a-strlen.o)
 .comment       0x00000000       0x27 c:/altera/13.0sp1/nios2eds/bin/gnu/h-i686-mingw32/bin/../lib/gcc/nios2-elf/4.1.2/../../../../nios2-elf/lib/mno-hw-mul\libsmallc.a(lib_a-vfprintf.o)
 .comment       0x00000000       0x27 c:/altera/13.0sp1/nios2eds/bin/gnu/h-i686-mingw32/bin/../lib/gcc/nios2-elf/4.1.2/../../../../nios2-elf/lib/mno-hw-mul\libsmallc.a(lib_a-fvwrite_small_dev.o)
 .comment       0x00000000       0x27 c:/altera/13.0sp1/nios2eds/bin/gnu/h-i686-mingw32/bin/../lib/gcc/nios2-elf/4.1.2/../../../../nios2-elf/lib/mno-hw-mul\libsmallc.a(lib_a-impure.o)
 .comment       0x00000000       0x27 c:/altera/13.0sp1/nios2eds/bin/gnu/h-i686-mingw32/bin/../lib/gcc/nios2-elf/4.1.2/../../../../nios2-elf/lib/mno-hw-mul\libsmallc.a(lib_a-writer.o)
 .comment       0x00000000       0x27 c:/altera/13.0sp1/nios2eds/bin/gnu/h-i686-mingw32/bin/../lib/gcc/nios2-elf/4.1.2/../../../../nios2-elf/lib/mno-hw-mul\libsmallc.a(lib_a-int_errno.o)
 .comment       0x00000000       0x27 c:/altera/13.0sp1/nios2eds/bin/gnu/h-i686-mingw32/bin/../lib/gcc/nios2-elf/4.1.2/mno-hw-mul\libgcc.a(lib2-divmod.o)
 .comment       0x00000000       0x27 c:/altera/13.0sp1/nios2eds/bin/gnu/h-i686-mingw32/bin/../lib/gcc/nios2-elf/4.1.2/mno-hw-mul\libgcc.a(lib2-mul.o)
 .comment       0x00000000       0x27 C:/Users/mos-o/Desktop/THIRDYEARSECONDTERM/MECHTRON3TB4/3TB4Labs/lab4/newlab/eclipsyy_bsp/\libhal_bsp.a(alt_load.o)
 .comment       0x00000000       0x27 C:/Users/mos-o/Desktop/THIRDYEARSECONDTERM/MECHTRON3TB4/3TB4Labs/lab4/newlab/eclipsyy_bsp/\libhal_bsp.a(alt_main.o)
 .comment       0x00000000       0x27 C:/Users/mos-o/Desktop/THIRDYEARSECONDTERM/MECHTRON3TB4/3TB4Labs/lab4/newlab/eclipsyy_bsp/\libhal_bsp.a(alt_write.o)
 .comment       0x00000000       0x27 C:/Users/mos-o/Desktop/THIRDYEARSECONDTERM/MECHTRON3TB4/3TB4Labs/lab4/newlab/eclipsyy_bsp/\libhal_bsp.a(alt_sys_init.o)
 .comment       0x00000000       0x27 C:/Users/mos-o/Desktop/THIRDYEARSECONDTERM/MECHTRON3TB4/3TB4Labs/lab4/newlab/eclipsyy_bsp/\libhal_bsp.a(altera_avalon_jtag_uart_write.o)
 .comment       0x00000000       0x27 C:/Users/mos-o/Desktop/THIRDYEARSECONDTERM/MECHTRON3TB4/3TB4Labs/lab4/newlab/eclipsyy_bsp/\libhal_bsp.a(alt_dcache_flush_all.o)
 .comment       0x00000000       0x27 C:/Users/mos-o/Desktop/THIRDYEARSECONDTERM/MECHTRON3TB4/3TB4Labs/lab4/newlab/eclipsyy_bsp/\libhal_bsp.a(alt_errno.o)
 .comment       0x00000000       0x27 C:/Users/mos-o/Desktop/THIRDYEARSECONDTERM/MECHTRON3TB4/3TB4Labs/lab4/newlab/eclipsyy_bsp/\libhal_bsp.a(alt_icache_flush_all.o)
 .comment       0x00000000       0x27 C:/Users/mos-o/Desktop/THIRDYEARSECONDTERM/MECHTRON3TB4/3TB4Labs/lab4/newlab/eclipsyy_bsp/\libhal_bsp.a(altera_nios2_qsys_irq.o)

.debug
 *(.debug)

.line
 *(.line)

.debug_srcinfo
 *(.debug_srcinfo)

.debug_sfnames
 *(.debug_sfnames)

.debug_aranges  0x00000000      0x248
 *(.debug_aranges)
 .debug_aranges
                0x00000000       0x28 C:/Users/mos-o/Desktop/THIRDYEARSECONDTERM/MECHTRON3TB4/3TB4Labs/lab4/newlab/eclipsyy_bsp//obj/HAL/src/crt0.o
 .debug_aranges
                0x00000028       0x20 obj/default/hello_world.o
 .debug_aranges
                0x00000048       0x20 c:/altera/13.0sp1/nios2eds/bin/gnu/h-i686-mingw32/bin/../lib/gcc/nios2-elf/4.1.2/../../../../nios2-elf/lib/mno-hw-mul\libsmallc.a(lib_a-printf.o)
 .debug_aranges
                0x00000068       0x20 c:/altera/13.0sp1/nios2eds/bin/gnu/h-i686-mingw32/bin/../lib/gcc/nios2-elf/4.1.2/../../../../nios2-elf/lib/mno-hw-mul\libsmallc.a(lib_a-puts.o)
 .debug_aranges
                0x00000088       0x20 c:/altera/13.0sp1/nios2eds/bin/gnu/h-i686-mingw32/bin/../lib/gcc/nios2-elf/4.1.2/../../../../nios2-elf/lib/mno-hw-mul\libsmallc.a(lib_a-strlen.o)
 .debug_aranges
                0x000000a8       0x20 c:/altera/13.0sp1/nios2eds/bin/gnu/h-i686-mingw32/bin/../lib/gcc/nios2-elf/4.1.2/../../../../nios2-elf/lib/mno-hw-mul\libsmallc.a(lib_a-vfprintf.o)
 .debug_aranges
                0x000000c8       0x20 c:/altera/13.0sp1/nios2eds/bin/gnu/h-i686-mingw32/bin/../lib/gcc/nios2-elf/4.1.2/../../../../nios2-elf/lib/mno-hw-mul\libsmallc.a(lib_a-fvwrite_small_dev.o)
 .debug_aranges
                0x000000e8       0x20 c:/altera/13.0sp1/nios2eds/bin/gnu/h-i686-mingw32/bin/../lib/gcc/nios2-elf/4.1.2/../../../../nios2-elf/lib/mno-hw-mul\libsmallc.a(lib_a-writer.o)
 .debug_aranges
                0x00000108       0x20 c:/altera/13.0sp1/nios2eds/bin/gnu/h-i686-mingw32/bin/../lib/gcc/nios2-elf/4.1.2/mno-hw-mul\libgcc.a(lib2-divmod.o)
 .debug_aranges
                0x00000128       0x20 c:/altera/13.0sp1/nios2eds/bin/gnu/h-i686-mingw32/bin/../lib/gcc/nios2-elf/4.1.2/mno-hw-mul\libgcc.a(lib2-mul.o)
 .debug_aranges
                0x00000148       0x20 C:/Users/mos-o/Desktop/THIRDYEARSECONDTERM/MECHTRON3TB4/3TB4Labs/lab4/newlab/eclipsyy_bsp/\libhal_bsp.a(alt_load.o)
 .debug_aranges
                0x00000168       0x20 C:/Users/mos-o/Desktop/THIRDYEARSECONDTERM/MECHTRON3TB4/3TB4Labs/lab4/newlab/eclipsyy_bsp/\libhal_bsp.a(alt_main.o)
 .debug_aranges
                0x00000188       0x20 C:/Users/mos-o/Desktop/THIRDYEARSECONDTERM/MECHTRON3TB4/3TB4Labs/lab4/newlab/eclipsyy_bsp/\libhal_bsp.a(alt_write.o)
 .debug_aranges
                0x000001a8       0x20 C:/Users/mos-o/Desktop/THIRDYEARSECONDTERM/MECHTRON3TB4/3TB4Labs/lab4/newlab/eclipsyy_bsp/\libhal_bsp.a(alt_sys_init.o)
 .debug_aranges
                0x000001c8       0x20 C:/Users/mos-o/Desktop/THIRDYEARSECONDTERM/MECHTRON3TB4/3TB4Labs/lab4/newlab/eclipsyy_bsp/\libhal_bsp.a(altera_avalon_jtag_uart_write.o)
 .debug_aranges
                0x000001e8       0x20 C:/Users/mos-o/Desktop/THIRDYEARSECONDTERM/MECHTRON3TB4/3TB4Labs/lab4/newlab/eclipsyy_bsp/\libhal_bsp.a(alt_dcache_flush_all.o)
 .debug_aranges
                0x00000208       0x20 C:/Users/mos-o/Desktop/THIRDYEARSECONDTERM/MECHTRON3TB4/3TB4Labs/lab4/newlab/eclipsyy_bsp/\libhal_bsp.a(alt_icache_flush_all.o)
 .debug_aranges
                0x00000228       0x20 C:/Users/mos-o/Desktop/THIRDYEARSECONDTERM/MECHTRON3TB4/3TB4Labs/lab4/newlab/eclipsyy_bsp/\libhal_bsp.a(altera_nios2_qsys_irq.o)

.debug_pubnames
                0x00000000      0x449
 *(.debug_pubnames)
 .debug_pubnames
                0x00000000       0xef obj/default/hello_world.o
 .debug_pubnames
                0x000000ef       0x2b c:/altera/13.0sp1/nios2eds/bin/gnu/h-i686-mingw32/bin/../lib/gcc/nios2-elf/4.1.2/../../../../nios2-elf/lib/mno-hw-mul\libsmallc.a(lib_a-printf.o)
 .debug_pubnames
                0x0000011a       0x27 c:/altera/13.0sp1/nios2eds/bin/gnu/h-i686-mingw32/bin/../lib/gcc/nios2-elf/4.1.2/../../../../nios2-elf/lib/mno-hw-mul\libsmallc.a(lib_a-puts.o)
 .debug_pubnames
                0x00000141       0x1d c:/altera/13.0sp1/nios2eds/bin/gnu/h-i686-mingw32/bin/../lib/gcc/nios2-elf/4.1.2/../../../../nios2-elf/lib/mno-hw-mul\libsmallc.a(lib_a-strlen.o)
 .debug_pubnames
                0x0000015e       0x45 c:/altera/13.0sp1/nios2eds/bin/gnu/h-i686-mingw32/bin/../lib/gcc/nios2-elf/4.1.2/../../../../nios2-elf/lib/mno-hw-mul\libsmallc.a(lib_a-vfprintf.o)
 .debug_pubnames
                0x000001a3       0x2b c:/altera/13.0sp1/nios2eds/bin/gnu/h-i686-mingw32/bin/../lib/gcc/nios2-elf/4.1.2/../../../../nios2-elf/lib/mno-hw-mul\libsmallc.a(lib_a-fvwrite_small_dev.o)
 .debug_pubnames
                0x000001ce       0x39 c:/altera/13.0sp1/nios2eds/bin/gnu/h-i686-mingw32/bin/../lib/gcc/nios2-elf/4.1.2/../../../../nios2-elf/lib/mno-hw-mul\libsmallc.a(lib_a-impure.o)
 .debug_pubnames
                0x00000207       0x1f c:/altera/13.0sp1/nios2eds/bin/gnu/h-i686-mingw32/bin/../lib/gcc/nios2-elf/4.1.2/../../../../nios2-elf/lib/mno-hw-mul\libsmallc.a(lib_a-writer.o)
 .debug_pubnames
                0x00000226       0x1c c:/altera/13.0sp1/nios2eds/bin/gnu/h-i686-mingw32/bin/../lib/gcc/nios2-elf/4.1.2/../../../../nios2-elf/lib/mno-hw-mul\libsmallc.a(lib_a-int_errno.o)
 .debug_pubnames
                0x00000242       0x48 c:/altera/13.0sp1/nios2eds/bin/gnu/h-i686-mingw32/bin/../lib/gcc/nios2-elf/4.1.2/mno-hw-mul\libgcc.a(lib2-divmod.o)
 .debug_pubnames
                0x0000028a       0x1f c:/altera/13.0sp1/nios2eds/bin/gnu/h-i686-mingw32/bin/../lib/gcc/nios2-elf/4.1.2/mno-hw-mul\libgcc.a(lib2-mul.o)
 .debug_pubnames
                0x000002a9       0x1f C:/Users/mos-o/Desktop/THIRDYEARSECONDTERM/MECHTRON3TB4/3TB4Labs/lab4/newlab/eclipsyy_bsp/\libhal_bsp.a(alt_load.o)
 .debug_pubnames
                0x000002c8       0x46 C:/Users/mos-o/Desktop/THIRDYEARSECONDTERM/MECHTRON3TB4/3TB4Labs/lab4/newlab/eclipsyy_bsp/\libhal_bsp.a(alt_main.o)
 .debug_pubnames
                0x0000030e       0x1c C:/Users/mos-o/Desktop/THIRDYEARSECONDTERM/MECHTRON3TB4/3TB4Labs/lab4/newlab/eclipsyy_bsp/\libhal_bsp.a(alt_write.o)
 .debug_pubnames
                0x0000032a       0x44 C:/Users/mos-o/Desktop/THIRDYEARSECONDTERM/MECHTRON3TB4/3TB4Labs/lab4/newlab/eclipsyy_bsp/\libhal_bsp.a(alt_sys_init.o)
 .debug_pubnames
                0x0000036e       0x34 C:/Users/mos-o/Desktop/THIRDYEARSECONDTERM/MECHTRON3TB4/3TB4Labs/lab4/newlab/eclipsyy_bsp/\libhal_bsp.a(altera_avalon_jtag_uart_write.o)
 .debug_pubnames
                0x000003a2       0x2b C:/Users/mos-o/Desktop/THIRDYEARSECONDTERM/MECHTRON3TB4/3TB4Labs/lab4/newlab/eclipsyy_bsp/\libhal_bsp.a(alt_dcache_flush_all.o)
 .debug_pubnames
                0x000003cd       0x20 C:/Users/mos-o/Desktop/THIRDYEARSECONDTERM/MECHTRON3TB4/3TB4Labs/lab4/newlab/eclipsyy_bsp/\libhal_bsp.a(alt_errno.o)
 .debug_pubnames
                0x000003ed       0x2b C:/Users/mos-o/Desktop/THIRDYEARSECONDTERM/MECHTRON3TB4/3TB4Labs/lab4/newlab/eclipsyy_bsp/\libhal_bsp.a(alt_icache_flush_all.o)
 .debug_pubnames
                0x00000418       0x31 C:/Users/mos-o/Desktop/THIRDYEARSECONDTERM/MECHTRON3TB4/3TB4Labs/lab4/newlab/eclipsyy_bsp/\libhal_bsp.a(altera_nios2_qsys_irq.o)

.debug_info     0x00000000     0x453b
 *(.debug_info .gnu.linkonce.wi.*)
 .debug_info    0x00000000       0x8b C:/Users/mos-o/Desktop/THIRDYEARSECONDTERM/MECHTRON3TB4/3TB4Labs/lab4/newlab/eclipsyy_bsp//obj/HAL/src/crt0.o
 .debug_info    0x0000008b      0x329 obj/default/hello_world.o
 .debug_info    0x000003b4      0x6c8 c:/altera/13.0sp1/nios2eds/bin/gnu/h-i686-mingw32/bin/../lib/gcc/nios2-elf/4.1.2/../../../../nios2-elf/lib/mno-hw-mul\libsmallc.a(lib_a-printf.o)
 .debug_info    0x00000a7c      0x685 c:/altera/13.0sp1/nios2eds/bin/gnu/h-i686-mingw32/bin/../lib/gcc/nios2-elf/4.1.2/../../../../nios2-elf/lib/mno-hw-mul\libsmallc.a(lib_a-puts.o)
 .debug_info    0x00001101       0xc2 c:/altera/13.0sp1/nios2eds/bin/gnu/h-i686-mingw32/bin/../lib/gcc/nios2-elf/4.1.2/../../../../nios2-elf/lib/mno-hw-mul\libsmallc.a(lib_a-strlen.o)
 .debug_info    0x000011c3      0x9b6 c:/altera/13.0sp1/nios2eds/bin/gnu/h-i686-mingw32/bin/../lib/gcc/nios2-elf/4.1.2/../../../../nios2-elf/lib/mno-hw-mul\libsmallc.a(lib_a-vfprintf.o)
 .debug_info    0x00001b79      0x68e c:/altera/13.0sp1/nios2eds/bin/gnu/h-i686-mingw32/bin/../lib/gcc/nios2-elf/4.1.2/../../../../nios2-elf/lib/mno-hw-mul\libsmallc.a(lib_a-fvwrite_small_dev.o)
 .debug_info    0x00002207      0x636 c:/altera/13.0sp1/nios2eds/bin/gnu/h-i686-mingw32/bin/../lib/gcc/nios2-elf/4.1.2/../../../../nios2-elf/lib/mno-hw-mul\libsmallc.a(lib_a-impure.o)
 .debug_info    0x0000283d      0x68c c:/altera/13.0sp1/nios2eds/bin/gnu/h-i686-mingw32/bin/../lib/gcc/nios2-elf/4.1.2/../../../../nios2-elf/lib/mno-hw-mul\libsmallc.a(lib_a-writer.o)
 .debug_info    0x00002ec9       0x8c c:/altera/13.0sp1/nios2eds/bin/gnu/h-i686-mingw32/bin/../lib/gcc/nios2-elf/4.1.2/../../../../nios2-elf/lib/mno-hw-mul\libsmallc.a(lib_a-int_errno.o)
 .debug_info    0x00002f55      0x21c c:/altera/13.0sp1/nios2eds/bin/gnu/h-i686-mingw32/bin/../lib/gcc/nios2-elf/4.1.2/mno-hw-mul\libgcc.a(lib2-divmod.o)
 .debug_info    0x00003171       0xf3 c:/altera/13.0sp1/nios2eds/bin/gnu/h-i686-mingw32/bin/../lib/gcc/nios2-elf/4.1.2/mno-hw-mul\libgcc.a(lib2-mul.o)
 .debug_info    0x00003264      0x29d C:/Users/mos-o/Desktop/THIRDYEARSECONDTERM/MECHTRON3TB4/3TB4Labs/lab4/newlab/eclipsyy_bsp/\libhal_bsp.a(alt_load.o)
 .debug_info    0x00003501      0x21f C:/Users/mos-o/Desktop/THIRDYEARSECONDTERM/MECHTRON3TB4/3TB4Labs/lab4/newlab/eclipsyy_bsp/\libhal_bsp.a(alt_main.o)
 .debug_info    0x00003720      0x28c C:/Users/mos-o/Desktop/THIRDYEARSECONDTERM/MECHTRON3TB4/3TB4Labs/lab4/newlab/eclipsyy_bsp/\libhal_bsp.a(alt_write.o)
 .debug_info    0x000039ac      0x2da C:/Users/mos-o/Desktop/THIRDYEARSECONDTERM/MECHTRON3TB4/3TB4Labs/lab4/newlab/eclipsyy_bsp/\libhal_bsp.a(alt_sys_init.o)
 .debug_info    0x00003c86      0x2f6 C:/Users/mos-o/Desktop/THIRDYEARSECONDTERM/MECHTRON3TB4/3TB4Labs/lab4/newlab/eclipsyy_bsp/\libhal_bsp.a(altera_avalon_jtag_uart_write.o)
 .debug_info    0x00003f7c      0x16c C:/Users/mos-o/Desktop/THIRDYEARSECONDTERM/MECHTRON3TB4/3TB4Labs/lab4/newlab/eclipsyy_bsp/\libhal_bsp.a(alt_dcache_flush_all.o)
 .debug_info    0x000040e8      0x174 C:/Users/mos-o/Desktop/THIRDYEARSECONDTERM/MECHTRON3TB4/3TB4Labs/lab4/newlab/eclipsyy_bsp/\libhal_bsp.a(alt_errno.o)
 .debug_info    0x0000425c      0x16c C:/Users/mos-o/Desktop/THIRDYEARSECONDTERM/MECHTRON3TB4/3TB4Labs/lab4/newlab/eclipsyy_bsp/\libhal_bsp.a(alt_icache_flush_all.o)
 .debug_info    0x000043c8      0x173 C:/Users/mos-o/Desktop/THIRDYEARSECONDTERM/MECHTRON3TB4/3TB4Labs/lab4/newlab/eclipsyy_bsp/\libhal_bsp.a(altera_nios2_qsys_irq.o)

.debug_abbrev   0x00000000     0x10e6
 *(.debug_abbrev)
 .debug_abbrev  0x00000000       0x12 C:/Users/mos-o/Desktop/THIRDYEARSECONDTERM/MECHTRON3TB4/3TB4Labs/lab4/newlab/eclipsyy_bsp//obj/HAL/src/crt0.o
 .debug_abbrev  0x00000012       0xa1 obj/default/hello_world.o
 .debug_abbrev  0x000000b3      0x179 c:/altera/13.0sp1/nios2eds/bin/gnu/h-i686-mingw32/bin/../lib/gcc/nios2-elf/4.1.2/../../../../nios2-elf/lib/mno-hw-mul\libsmallc.a(lib_a-printf.o)
 .debug_abbrev  0x0000022c      0x180 c:/altera/13.0sp1/nios2eds/bin/gnu/h-i686-mingw32/bin/../lib/gcc/nios2-elf/4.1.2/../../../../nios2-elf/lib/mno-hw-mul\libsmallc.a(lib_a-puts.o)
 .debug_abbrev  0x000003ac       0x7a c:/altera/13.0sp1/nios2eds/bin/gnu/h-i686-mingw32/bin/../lib/gcc/nios2-elf/4.1.2/../../../../nios2-elf/lib/mno-hw-mul\libsmallc.a(lib_a-strlen.o)
 .debug_abbrev  0x00000426      0x263 c:/altera/13.0sp1/nios2eds/bin/gnu/h-i686-mingw32/bin/../lib/gcc/nios2-elf/4.1.2/../../../../nios2-elf/lib/mno-hw-mul\libsmallc.a(lib_a-vfprintf.o)
 .debug_abbrev  0x00000689      0x179 c:/altera/13.0sp1/nios2eds/bin/gnu/h-i686-mingw32/bin/../lib/gcc/nios2-elf/4.1.2/../../../../nios2-elf/lib/mno-hw-mul\libsmallc.a(lib_a-fvwrite_small_dev.o)
 .debug_abbrev  0x00000802      0x13f c:/altera/13.0sp1/nios2eds/bin/gnu/h-i686-mingw32/bin/../lib/gcc/nios2-elf/4.1.2/../../../../nios2-elf/lib/mno-hw-mul\libsmallc.a(lib_a-impure.o)
 .debug_abbrev  0x00000941      0x16c c:/altera/13.0sp1/nios2eds/bin/gnu/h-i686-mingw32/bin/../lib/gcc/nios2-elf/4.1.2/../../../../nios2-elf/lib/mno-hw-mul\libsmallc.a(lib_a-writer.o)
 .debug_abbrev  0x00000aad       0x3b c:/altera/13.0sp1/nios2eds/bin/gnu/h-i686-mingw32/bin/../lib/gcc/nios2-elf/4.1.2/../../../../nios2-elf/lib/mno-hw-mul\libsmallc.a(lib_a-int_errno.o)
 .debug_abbrev  0x00000ae8       0xe0 c:/altera/13.0sp1/nios2eds/bin/gnu/h-i686-mingw32/bin/../lib/gcc/nios2-elf/4.1.2/mno-hw-mul\libgcc.a(lib2-divmod.o)
 .debug_abbrev  0x00000bc8       0x7b c:/altera/13.0sp1/nios2eds/bin/gnu/h-i686-mingw32/bin/../lib/gcc/nios2-elf/4.1.2/mno-hw-mul\libgcc.a(lib2-mul.o)
 .debug_abbrev  0x00000c43       0x88 C:/Users/mos-o/Desktop/THIRDYEARSECONDTERM/MECHTRON3TB4/3TB4Labs/lab4/newlab/eclipsyy_bsp/\libhal_bsp.a(alt_load.o)
 .debug_abbrev  0x00000ccb       0xa6 C:/Users/mos-o/Desktop/THIRDYEARSECONDTERM/MECHTRON3TB4/3TB4Labs/lab4/newlab/eclipsyy_bsp/\libhal_bsp.a(alt_main.o)
 .debug_abbrev  0x00000d71       0xc3 C:/Users/mos-o/Desktop/THIRDYEARSECONDTERM/MECHTRON3TB4/3TB4Labs/lab4/newlab/eclipsyy_bsp/\libhal_bsp.a(alt_write.o)
 .debug_abbrev  0x00000e34       0xe3 C:/Users/mos-o/Desktop/THIRDYEARSECONDTERM/MECHTRON3TB4/3TB4Labs/lab4/newlab/eclipsyy_bsp/\libhal_bsp.a(alt_sys_init.o)
 .debug_abbrev  0x00000f17       0xb4 C:/Users/mos-o/Desktop/THIRDYEARSECONDTERM/MECHTRON3TB4/3TB4Labs/lab4/newlab/eclipsyy_bsp/\libhal_bsp.a(altera_avalon_jtag_uart_write.o)
 .debug_abbrev  0x00000fcb       0x3f C:/Users/mos-o/Desktop/THIRDYEARSECONDTERM/MECHTRON3TB4/3TB4Labs/lab4/newlab/eclipsyy_bsp/\libhal_bsp.a(alt_dcache_flush_all.o)
 .debug_abbrev  0x0000100a       0x5e C:/Users/mos-o/Desktop/THIRDYEARSECONDTERM/MECHTRON3TB4/3TB4Labs/lab4/newlab/eclipsyy_bsp/\libhal_bsp.a(alt_errno.o)
 .debug_abbrev  0x00001068       0x3f C:/Users/mos-o/Desktop/THIRDYEARSECONDTERM/MECHTRON3TB4/3TB4Labs/lab4/newlab/eclipsyy_bsp/\libhal_bsp.a(alt_icache_flush_all.o)
 .debug_abbrev  0x000010a7       0x3f C:/Users/mos-o/Desktop/THIRDYEARSECONDTERM/MECHTRON3TB4/3TB4Labs/lab4/newlab/eclipsyy_bsp/\libhal_bsp.a(altera_nios2_qsys_irq.o)

.debug_line     0x00000000     0x3285
 *(.debug_line)
 .debug_line    0x00000000       0x66 C:/Users/mos-o/Desktop/THIRDYEARSECONDTERM/MECHTRON3TB4/3TB4Labs/lab4/newlab/eclipsyy_bsp//obj/HAL/src/crt0.o
 .debug_line    0x00000066      0x36e obj/default/hello_world.o
 .debug_line    0x000003d4      0x2be c:/altera/13.0sp1/nios2eds/bin/gnu/h-i686-mingw32/bin/../lib/gcc/nios2-elf/4.1.2/../../../../nios2-elf/lib/mno-hw-mul\libsmallc.a(lib_a-printf.o)
 .debug_line    0x00000692      0x2b2 c:/altera/13.0sp1/nios2eds/bin/gnu/h-i686-mingw32/bin/../lib/gcc/nios2-elf/4.1.2/../../../../nios2-elf/lib/mno-hw-mul\libsmallc.a(lib_a-puts.o)
 .debug_line    0x00000944      0x250 c:/altera/13.0sp1/nios2eds/bin/gnu/h-i686-mingw32/bin/../lib/gcc/nios2-elf/4.1.2/../../../../nios2-elf/lib/mno-hw-mul\libsmallc.a(lib_a-strlen.o)
 .debug_line    0x00000b94      0x666 c:/altera/13.0sp1/nios2eds/bin/gnu/h-i686-mingw32/bin/../lib/gcc/nios2-elf/4.1.2/../../../../nios2-elf/lib/mno-hw-mul\libsmallc.a(lib_a-vfprintf.o)
 .debug_line    0x000011fa      0x2a9 c:/altera/13.0sp1/nios2eds/bin/gnu/h-i686-mingw32/bin/../lib/gcc/nios2-elf/4.1.2/../../../../nios2-elf/lib/mno-hw-mul\libsmallc.a(lib_a-fvwrite_small_dev.o)
 .debug_line    0x000014a3      0x230 c:/altera/13.0sp1/nios2eds/bin/gnu/h-i686-mingw32/bin/../lib/gcc/nios2-elf/4.1.2/../../../../nios2-elf/lib/mno-hw-mul\libsmallc.a(lib_a-impure.o)
 .debug_line    0x000016d3      0x29d c:/altera/13.0sp1/nios2eds/bin/gnu/h-i686-mingw32/bin/../lib/gcc/nios2-elf/4.1.2/../../../../nios2-elf/lib/mno-hw-mul\libsmallc.a(lib_a-writer.o)
 .debug_line    0x00001970      0x1e2 c:/altera/13.0sp1/nios2eds/bin/gnu/h-i686-mingw32/bin/../lib/gcc/nios2-elf/4.1.2/../../../../nios2-elf/lib/mno-hw-mul\libsmallc.a(lib_a-int_errno.o)
 .debug_line    0x00001b52      0x24f c:/altera/13.0sp1/nios2eds/bin/gnu/h-i686-mingw32/bin/../lib/gcc/nios2-elf/4.1.2/mno-hw-mul\libgcc.a(lib2-divmod.o)
 .debug_line    0x00001da1      0x11a c:/altera/13.0sp1/nios2eds/bin/gnu/h-i686-mingw32/bin/../lib/gcc/nios2-elf/4.1.2/mno-hw-mul\libgcc.a(lib2-mul.o)
 .debug_line    0x00001ebb      0x217 C:/Users/mos-o/Desktop/THIRDYEARSECONDTERM/MECHTRON3TB4/3TB4Labs/lab4/newlab/eclipsyy_bsp/\libhal_bsp.a(alt_load.o)
 .debug_line    0x000020d2      0x2aa C:/Users/mos-o/Desktop/THIRDYEARSECONDTERM/MECHTRON3TB4/3TB4Labs/lab4/newlab/eclipsyy_bsp/\libhal_bsp.a(alt_main.o)
 .debug_line    0x0000237c      0x29f C:/Users/mos-o/Desktop/THIRDYEARSECONDTERM/MECHTRON3TB4/3TB4Labs/lab4/newlab/eclipsyy_bsp/\libhal_bsp.a(alt_write.o)
 .debug_line    0x0000261b      0x284 C:/Users/mos-o/Desktop/THIRDYEARSECONDTERM/MECHTRON3TB4/3TB4Labs/lab4/newlab/eclipsyy_bsp/\libhal_bsp.a(alt_sys_init.o)
 .debug_line    0x0000289f      0x304 C:/Users/mos-o/Desktop/THIRDYEARSECONDTERM/MECHTRON3TB4/3TB4Labs/lab4/newlab/eclipsyy_bsp/\libhal_bsp.a(altera_avalon_jtag_uart_write.o)
 .debug_line    0x00002ba3      0x1b5 C:/Users/mos-o/Desktop/THIRDYEARSECONDTERM/MECHTRON3TB4/3TB4Labs/lab4/newlab/eclipsyy_bsp/\libhal_bsp.a(alt_dcache_flush_all.o)
 .debug_line    0x00002d58      0x1aa C:/Users/mos-o/Desktop/THIRDYEARSECONDTERM/MECHTRON3TB4/3TB4Labs/lab4/newlab/eclipsyy_bsp/\libhal_bsp.a(alt_errno.o)
 .debug_line    0x00002f02      0x1b5 C:/Users/mos-o/Desktop/THIRDYEARSECONDTERM/MECHTRON3TB4/3TB4Labs/lab4/newlab/eclipsyy_bsp/\libhal_bsp.a(alt_icache_flush_all.o)
 .debug_line    0x000030b7      0x1ce C:/Users/mos-o/Desktop/THIRDYEARSECONDTERM/MECHTRON3TB4/3TB4Labs/lab4/newlab/eclipsyy_bsp/\libhal_bsp.a(altera_nios2_qsys_irq.o)

.debug_frame    0x00000000      0x420
 *(.debug_frame)
 .debug_frame   0x00000000       0x80 obj/default/hello_world.o
 .debug_frame   0x00000080       0x40 c:/altera/13.0sp1/nios2eds/bin/gnu/h-i686-mingw32/bin/../lib/gcc/nios2-elf/4.1.2/../../../../nios2-elf/lib/mno-hw-mul\libsmallc.a(lib_a-printf.o)
 .debug_frame   0x000000c0       0x3c c:/altera/13.0sp1/nios2eds/bin/gnu/h-i686-mingw32/bin/../lib/gcc/nios2-elf/4.1.2/../../../../nios2-elf/lib/mno-hw-mul\libsmallc.a(lib_a-puts.o)
 .debug_frame   0x000000fc       0x20 c:/altera/13.0sp1/nios2eds/bin/gnu/h-i686-mingw32/bin/../lib/gcc/nios2-elf/4.1.2/../../../../nios2-elf/lib/mno-hw-mul\libsmallc.a(lib_a-strlen.o)
 .debug_frame   0x0000011c       0x64 c:/altera/13.0sp1/nios2eds/bin/gnu/h-i686-mingw32/bin/../lib/gcc/nios2-elf/4.1.2/../../../../nios2-elf/lib/mno-hw-mul\libsmallc.a(lib_a-vfprintf.o)
 .debug_frame   0x00000180       0x30 c:/altera/13.0sp1/nios2eds/bin/gnu/h-i686-mingw32/bin/../lib/gcc/nios2-elf/4.1.2/../../../../nios2-elf/lib/mno-hw-mul\libsmallc.a(lib_a-fvwrite_small_dev.o)
 .debug_frame   0x000001b0       0x2c c:/altera/13.0sp1/nios2eds/bin/gnu/h-i686-mingw32/bin/../lib/gcc/nios2-elf/4.1.2/../../../../nios2-elf/lib/mno-hw-mul\libsmallc.a(lib_a-writer.o)
 .debug_frame   0x000001dc       0x70 c:/altera/13.0sp1/nios2eds/bin/gnu/h-i686-mingw32/bin/../lib/gcc/nios2-elf/4.1.2/mno-hw-mul\libgcc.a(lib2-divmod.o)
 .debug_frame   0x0000024c       0x20 c:/altera/13.0sp1/nios2eds/bin/gnu/h-i686-mingw32/bin/../lib/gcc/nios2-elf/4.1.2/mno-hw-mul\libgcc.a(lib2-mul.o)
 .debug_frame   0x0000026c       0x48 C:/Users/mos-o/Desktop/THIRDYEARSECONDTERM/MECHTRON3TB4/3TB4Labs/lab4/newlab/eclipsyy_bsp/\libhal_bsp.a(alt_load.o)
 .debug_frame   0x000002b4       0x2c C:/Users/mos-o/Desktop/THIRDYEARSECONDTERM/MECHTRON3TB4/3TB4Labs/lab4/newlab/eclipsyy_bsp/\libhal_bsp.a(alt_main.o)
 .debug_frame   0x000002e0       0x48 C:/Users/mos-o/Desktop/THIRDYEARSECONDTERM/MECHTRON3TB4/3TB4Labs/lab4/newlab/eclipsyy_bsp/\libhal_bsp.a(alt_write.o)
 .debug_frame   0x00000328       0x48 C:/Users/mos-o/Desktop/THIRDYEARSECONDTERM/MECHTRON3TB4/3TB4Labs/lab4/newlab/eclipsyy_bsp/\libhal_bsp.a(alt_sys_init.o)
 .debug_frame   0x00000370       0x2c C:/Users/mos-o/Desktop/THIRDYEARSECONDTERM/MECHTRON3TB4/3TB4Labs/lab4/newlab/eclipsyy_bsp/\libhal_bsp.a(altera_avalon_jtag_uart_write.o)
 .debug_frame   0x0000039c       0x2c C:/Users/mos-o/Desktop/THIRDYEARSECONDTERM/MECHTRON3TB4/3TB4Labs/lab4/newlab/eclipsyy_bsp/\libhal_bsp.a(alt_dcache_flush_all.o)
 .debug_frame   0x000003c8       0x2c C:/Users/mos-o/Desktop/THIRDYEARSECONDTERM/MECHTRON3TB4/3TB4Labs/lab4/newlab/eclipsyy_bsp/\libhal_bsp.a(alt_icache_flush_all.o)
 .debug_frame   0x000003f4       0x2c C:/Users/mos-o/Desktop/THIRDYEARSECONDTERM/MECHTRON3TB4/3TB4Labs/lab4/newlab/eclipsyy_bsp/\libhal_bsp.a(altera_nios2_qsys_irq.o)

.debug_str      0x00000000      0xa8b
 *(.debug_str)
 .debug_str     0x00000000       0x12 obj/default/hello_world.o
 .debug_str     0x00000012      0x406 c:/altera/13.0sp1/nios2eds/bin/gnu/h-i686-mingw32/bin/../lib/gcc/nios2-elf/4.1.2/../../../../nios2-elf/lib/mno-hw-mul\libsmallc.a(lib_a-printf.o)
                                0x466 (size before relaxing)
 .debug_str     0x00000418       0x48 c:/altera/13.0sp1/nios2eds/bin/gnu/h-i686-mingw32/bin/../lib/gcc/nios2-elf/4.1.2/../../../../nios2-elf/lib/mno-hw-mul\libsmallc.a(lib_a-puts.o)
                                0x450 (size before relaxing)
 .debug_str     0x00000460       0xe8 c:/altera/13.0sp1/nios2eds/bin/gnu/h-i686-mingw32/bin/../lib/gcc/nios2-elf/4.1.2/../../../../nios2-elf/lib/mno-hw-mul\libsmallc.a(lib_a-strlen.o)
                                0x184 (size before relaxing)
 .debug_str     0x00000548      0x168 c:/altera/13.0sp1/nios2eds/bin/gnu/h-i686-mingw32/bin/../lib/gcc/nios2-elf/4.1.2/../../../../nios2-elf/lib/mno-hw-mul\libsmallc.a(lib_a-vfprintf.o)
                                0x5af (size before relaxing)
 .debug_str     0x000006b0       0x70 c:/altera/13.0sp1/nios2eds/bin/gnu/h-i686-mingw32/bin/../lib/gcc/nios2-elf/4.1.2/../../../../nios2-elf/lib/mno-hw-mul\libsmallc.a(lib_a-fvwrite_small_dev.o)
                                0x46a (size before relaxing)
 .debug_str     0x00000720       0xf8 c:/altera/13.0sp1/nios2eds/bin/gnu/h-i686-mingw32/bin/../lib/gcc/nios2-elf/4.1.2/../../../../nios2-elf/lib/mno-hw-mul\libsmallc.a(lib_a-impure.o)
                                0x45d (size before relaxing)
 .debug_str     0x00000818       0x4f c:/altera/13.0sp1/nios2eds/bin/gnu/h-i686-mingw32/bin/../lib/gcc/nios2-elf/4.1.2/../../../../nios2-elf/lib/mno-hw-mul\libsmallc.a(lib_a-writer.o)
                                0x451 (size before relaxing)
 .debug_str     0x00000867       0x40 c:/altera/13.0sp1/nios2eds/bin/gnu/h-i686-mingw32/bin/../lib/gcc/nios2-elf/4.1.2/../../../../nios2-elf/lib/mno-hw-mul\libsmallc.a(lib_a-int_errno.o)
                                0x177 (size before relaxing)
 .debug_str     0x000008a7      0x10b c:/altera/13.0sp1/nios2eds/bin/gnu/h-i686-mingw32/bin/../lib/gcc/nios2-elf/4.1.2/mno-hw-mul\libgcc.a(lib2-divmod.o)
                                0x1b4 (size before relaxing)
 .debug_str     0x000009b2       0x37 c:/altera/13.0sp1/nios2eds/bin/gnu/h-i686-mingw32/bin/../lib/gcc/nios2-elf/4.1.2/mno-hw-mul\libgcc.a(lib2-mul.o)
                                0x175 (size before relaxing)
 .debug_str     0x000009e9       0x12 C:/Users/mos-o/Desktop/THIRDYEARSECONDTERM/MECHTRON3TB4/3TB4Labs/lab4/newlab/eclipsyy_bsp/\libhal_bsp.a(alt_load.o)
 .debug_str     0x000009fb       0x12 C:/Users/mos-o/Desktop/THIRDYEARSECONDTERM/MECHTRON3TB4/3TB4Labs/lab4/newlab/eclipsyy_bsp/\libhal_bsp.a(alt_main.o)
 .debug_str     0x00000a0d       0x12 C:/Users/mos-o/Desktop/THIRDYEARSECONDTERM/MECHTRON3TB4/3TB4Labs/lab4/newlab/eclipsyy_bsp/\libhal_bsp.a(alt_write.o)
 .debug_str     0x00000a1f       0x12 C:/Users/mos-o/Desktop/THIRDYEARSECONDTERM/MECHTRON3TB4/3TB4Labs/lab4/newlab/eclipsyy_bsp/\libhal_bsp.a(alt_sys_init.o)
 .debug_str     0x00000a31       0x12 C:/Users/mos-o/Desktop/THIRDYEARSECONDTERM/MECHTRON3TB4/3TB4Labs/lab4/newlab/eclipsyy_bsp/\libhal_bsp.a(altera_avalon_jtag_uart_write.o)
 .debug_str     0x00000a43       0x12 C:/Users/mos-o/Desktop/THIRDYEARSECONDTERM/MECHTRON3TB4/3TB4Labs/lab4/newlab/eclipsyy_bsp/\libhal_bsp.a(alt_dcache_flush_all.o)
 .debug_str     0x00000a55       0x12 C:/Users/mos-o/Desktop/THIRDYEARSECONDTERM/MECHTRON3TB4/3TB4Labs/lab4/newlab/eclipsyy_bsp/\libhal_bsp.a(alt_errno.o)
 .debug_str     0x00000a67       0x12 C:/Users/mos-o/Desktop/THIRDYEARSECONDTERM/MECHTRON3TB4/3TB4Labs/lab4/newlab/eclipsyy_bsp/\libhal_bsp.a(alt_icache_flush_all.o)
 .debug_str     0x00000a79       0x12 C:/Users/mos-o/Desktop/THIRDYEARSECONDTERM/MECHTRON3TB4/3TB4Labs/lab4/newlab/eclipsyy_bsp/\libhal_bsp.a(altera_nios2_qsys_irq.o)

.debug_loc      0x00000000     0x1064
 *(.debug_loc)
 .debug_loc     0x00000000       0xac obj/default/hello_world.o
 .debug_loc     0x000000ac       0x8d c:/altera/13.0sp1/nios2eds/bin/gnu/h-i686-mingw32/bin/../lib/gcc/nios2-elf/4.1.2/../../../../nios2-elf/lib/mno-hw-mul\libsmallc.a(lib_a-printf.o)
 .debug_loc     0x00000139       0xa2 c:/altera/13.0sp1/nios2eds/bin/gnu/h-i686-mingw32/bin/../lib/gcc/nios2-elf/4.1.2/../../../../nios2-elf/lib/mno-hw-mul\libsmallc.a(lib_a-puts.o)
 .debug_loc     0x000001db       0x1e c:/altera/13.0sp1/nios2eds/bin/gnu/h-i686-mingw32/bin/../lib/gcc/nios2-elf/4.1.2/../../../../nios2-elf/lib/mno-hw-mul\libsmallc.a(lib_a-strlen.o)
 .debug_loc     0x000001f9      0x878 c:/altera/13.0sp1/nios2eds/bin/gnu/h-i686-mingw32/bin/../lib/gcc/nios2-elf/4.1.2/../../../../nios2-elf/lib/mno-hw-mul\libsmallc.a(lib_a-vfprintf.o)
 .debug_loc     0x00000a71      0x162 c:/altera/13.0sp1/nios2eds/bin/gnu/h-i686-mingw32/bin/../lib/gcc/nios2-elf/4.1.2/../../../../nios2-elf/lib/mno-hw-mul\libsmallc.a(lib_a-fvwrite_small_dev.o)
 .debug_loc     0x00000bd3       0x97 c:/altera/13.0sp1/nios2eds/bin/gnu/h-i686-mingw32/bin/../lib/gcc/nios2-elf/4.1.2/../../../../nios2-elf/lib/mno-hw-mul\libsmallc.a(lib_a-writer.o)
 .debug_loc     0x00000c6a      0x1d2 c:/altera/13.0sp1/nios2eds/bin/gnu/h-i686-mingw32/bin/../lib/gcc/nios2-elf/4.1.2/mno-hw-mul\libgcc.a(lib2-divmod.o)
 .debug_loc     0x00000e3c       0x4f c:/altera/13.0sp1/nios2eds/bin/gnu/h-i686-mingw32/bin/../lib/gcc/nios2-elf/4.1.2/mno-hw-mul\libgcc.a(lib2-mul.o)
 .debug_loc     0x00000e8b       0x56 C:/Users/mos-o/Desktop/THIRDYEARSECONDTERM/MECHTRON3TB4/3TB4Labs/lab4/newlab/eclipsyy_bsp/\libhal_bsp.a(alt_load.o)
 .debug_loc     0x00000ee1       0x2b C:/Users/mos-o/Desktop/THIRDYEARSECONDTERM/MECHTRON3TB4/3TB4Labs/lab4/newlab/eclipsyy_bsp/\libhal_bsp.a(alt_main.o)
 .debug_loc     0x00000f0c       0x56 C:/Users/mos-o/Desktop/THIRDYEARSECONDTERM/MECHTRON3TB4/3TB4Labs/lab4/newlab/eclipsyy_bsp/\libhal_bsp.a(alt_write.o)
 .debug_loc     0x00000f62       0x56 C:/Users/mos-o/Desktop/THIRDYEARSECONDTERM/MECHTRON3TB4/3TB4Labs/lab4/newlab/eclipsyy_bsp/\libhal_bsp.a(alt_sys_init.o)
 .debug_loc     0x00000fb8       0x2b C:/Users/mos-o/Desktop/THIRDYEARSECONDTERM/MECHTRON3TB4/3TB4Labs/lab4/newlab/eclipsyy_bsp/\libhal_bsp.a(altera_avalon_jtag_uart_write.o)
 .debug_loc     0x00000fe3       0x2b C:/Users/mos-o/Desktop/THIRDYEARSECONDTERM/MECHTRON3TB4/3TB4Labs/lab4/newlab/eclipsyy_bsp/\libhal_bsp.a(alt_dcache_flush_all.o)
 .debug_loc     0x0000100e       0x2b C:/Users/mos-o/Desktop/THIRDYEARSECONDTERM/MECHTRON3TB4/3TB4Labs/lab4/newlab/eclipsyy_bsp/\libhal_bsp.a(alt_icache_flush_all.o)
 .debug_loc     0x00001039       0x2b C:/Users/mos-o/Desktop/THIRDYEARSECONDTERM/MECHTRON3TB4/3TB4Labs/lab4/newlab/eclipsyy_bsp/\libhal_bsp.a(altera_nios2_qsys_irq.o)

.debug_macinfo
 *(.debug_macinfo)

.debug_weaknames
 *(.debug_weaknames)

.debug_funcnames
 *(.debug_funcnames)

.debug_typenames
 *(.debug_typenames)

.debug_varnames
 *(.debug_varnames)

.debug_alt_sim_info
                0x00000000       0x10
 *(.debug_alt_sim_info)
 .debug_alt_sim_info
                0x00000000       0x10 C:/Users/mos-o/Desktop/THIRDYEARSECONDTERM/MECHTRON3TB4/3TB4Labs/lab4/newlab/eclipsyy_bsp//obj/HAL/src/crt0.o
                0x00110000                __alt_data_end = 0x110000
                0x00110000                PROVIDE (__alt_stack_pointer, __alt_data_end)
                0x00109750                PROVIDE (__alt_stack_limit, __alt_stack_base)
                0x00109750                PROVIDE (__alt_heap_start, end)
                0x00110000                PROVIDE (__alt_heap_limit, 0x110000)
OUTPUT(eclipsyy.elf elf32-littlenios2)

.debug_ranges   0x00000000      0x160
 .debug_ranges  0x00000000       0x20 C:/Users/mos-o/Desktop/THIRDYEARSECONDTERM/MECHTRON3TB4/3TB4Labs/lab4/newlab/eclipsyy_bsp//obj/HAL/src/crt0.o
 .debug_ranges  0x00000020      0x140 c:/altera/13.0sp1/nios2eds/bin/gnu/h-i686-mingw32/bin/../lib/gcc/nios2-elf/4.1.2/../../../../nios2-elf/lib/mno-hw-mul\libsmallc.a(lib_a-vfprintf.o)
