Archive Project report for lab4
Tue Mar 07 12:51:46 2017
Quartus II 32-bit Version 13.0.1 Build 232 06/12/2013 Service Pack 1 SJ Full Version


---------------------
; Table of Contents ;
---------------------
  1. Legal Notice
  2. Archive Project Summary
  3. Archive Project Messages
  4. Files Archived



----------------
; Legal Notice ;
----------------
Copyright (C) 1991-2013 Altera Corporation
Your use of Altera Corporation's design tools, logic functions 
and other software and tools, and its AMPP partner logic 
functions, and any output files from any of the foregoing 
(including device programming or simulation files), and any 
associated documentation or information are expressly subject 
to the terms and conditions of the Altera Program License 
Subscription Agreement, Altera MegaCore Function License 
Agreement, or other applicable license agreement, including, 
without limitation, that your use is for the sole purpose of 
programming logic devices manufactured by Altera and sold by 
Altera or its authorized distributors.  Please refer to the 
applicable agreement for further details.



+----------------------------------------------------------------+
; Archive Project Summary                                        ;
+------------------------+---------------------------------------+
; Archive Project Status ; Successful - Tue Mar 07 12:51:46 2017 ;
; Revision Name          ; lab4                                  ;
; Top-level Entity Name  ; lab4                                  ;
; Family                 ; Cyclone II                            ;
+------------------------+---------------------------------------+


+--------------------------+
; Archive Project Messages ;
+--------------------------+
Info: File Set 'Source control' contains:
    Info: Project source and settings files
    Info: Automatically detected source files
Critical Warning: Analysis & Elaboration was not run successfully
    Critical Warning: The 'Automatically detected source files' file subset will attempt to guess which files are needed. The archive file will likely be larger than required and may still be incomplete.
Warning (225010): Analysis was not performed on the current project. The Quartus II software may not be able to automatically locate all project files.
Info: Parsing: lab4.v
Info: Parsing: SRAM_Controller.v
Info: ----------------------------------------------------------
Info: ----------------------------------------------------------
Info: Generated archive 'Z:/MT3TB4/2017/lab4.qar'
Info: ----------------------------------------------------------
Info: ----------------------------------------------------------
Info: Generated report 'lab4.archive.rpt'
Error (23031): Evaluation of Tcl script c:/altera/13.0sp1/quartus/common/tcl/apps/qpm/qar.tcl unsuccessful
Error: Quartus II 32-bit Shell was unsuccessful. 4 errors, 15 warnings
    Error: Peak virtual memory: 292 megabytes
    Error: Processing ended: Tue Mar 07 12:51:46 2017
    Error: Elapsed time: 00:00:06
    Error: Total CPU time (on all processors): 00:00:04


+-------------------------------+
; Files Archived                ;
+-------------------------------+
; File Name                     ;
+-------------------------------+
; assignment_defaults.qdf       ;
; lab4.qpf                      ;
; lab4.qsf                      ;
; lab4.v                        ;
; lab4_assignment_defaults.qdf  ;
; output_files/lab4.flow.rpt    ;
; output_files/lab4.map.rpt     ;
; output_files/lab4.map.summary ;
; output_files/lab4.restore.rpt ;
; SRAM_Controller.v             ;
+-------------------------------+


